------------------------------------------------------------
Timing Analyzer Summary
------------------------------------------------------------

Type  : Slow 1100mV 85C Model Setup 'CLOCK_50'
Slack : -2.689
TNS   : -108.874

Type  : Slow 1100mV 85C Model Hold 'CLOCK_50'
Slack : 0.247
TNS   : 0.000

Type  : Slow 1100mV 85C Model Minimum Pulse Width 'CLOCK_50'
Slack : -0.394
TNS   : -37.639

Type  : Slow 1100mV 0C Model Setup 'CLOCK_50'
Slack : -2.616
TNS   : -108.984

Type  : Slow 1100mV 0C Model Hold 'CLOCK_50'
Slack : 0.234
TNS   : 0.000

Type  : Slow 1100mV 0C Model Minimum Pulse Width 'CLOCK_50'
Slack : -0.394
TNS   : -41.177

Type  : Fast 1100mV 85C Model Setup 'CLOCK_50'
Slack : -1.224
TNS   : -37.766

Type  : Fast 1100mV 85C Model Hold 'CLOCK_50'
Slack : 0.146
TNS   : 0.000

Type  : Fast 1100mV 85C Model Minimum Pulse Width 'CLOCK_50'
Slack : -0.115
TNS   : -8.248

Type  : Fast 1100mV 0C Model Setup 'CLOCK_50'
Slack : -1.019
TNS   : -31.022

Type  : Fast 1100mV 0C Model Hold 'CLOCK_50'
Slack : 0.130
TNS   : 0.000

Type  : Fast 1100mV 0C Model Minimum Pulse Width 'CLOCK_50'
Slack : -0.113
TNS   : -8.105

------------------------------------------------------------
