------------------------------------------------------------
Timing Analyzer Summary
------------------------------------------------------------

Type  : Slow 1100mV 85C Model Setup 'CLOCK_50'
Slack : -2.754
TNS   : -100.118

Type  : Slow 1100mV 85C Model Hold 'CLOCK_50'
Slack : 0.246
TNS   : 0.000

Type  : Slow 1100mV 85C Model Minimum Pulse Width 'CLOCK_50'
Slack : -0.394
TNS   : -30.471

Type  : Slow 1100mV 0C Model Setup 'CLOCK_50'
Slack : -2.681
TNS   : -100.032

Type  : Slow 1100mV 0C Model Hold 'CLOCK_50'
Slack : 0.233
TNS   : 0.000

Type  : Slow 1100mV 0C Model Minimum Pulse Width 'CLOCK_50'
Slack : -0.394
TNS   : -33.139

Type  : Fast 1100mV 85C Model Setup 'CLOCK_50'
Slack : -1.200
TNS   : -34.171

Type  : Fast 1100mV 85C Model Hold 'CLOCK_50'
Slack : 0.147
TNS   : 0.000

Type  : Fast 1100mV 85C Model Minimum Pulse Width 'CLOCK_50'
Slack : -0.115
TNS   : -6.664

Type  : Fast 1100mV 0C Model Setup 'CLOCK_50'
Slack : -0.989
TNS   : -27.797

Type  : Fast 1100mV 0C Model Hold 'CLOCK_50'
Slack : 0.132
TNS   : 0.000

Type  : Fast 1100mV 0C Model Minimum Pulse Width 'CLOCK_50'
Slack : -0.112
TNS   : -6.489

------------------------------------------------------------
