------------------------------------------------------------
Timing Analyzer Summary
------------------------------------------------------------

Type  : Slow 1100mV 85C Model Setup 'CLOCK_50'
Slack : -3.691
TNS   : -48.639

Type  : Slow 1100mV 85C Model Setup 'clk_div_count[5]'
Slack : -3.166
TNS   : -72.770

Type  : Slow 1100mV 85C Model Hold 'CLOCK_50'
Slack : 0.265
TNS   : 0.000

Type  : Slow 1100mV 85C Model Hold 'clk_div_count[5]'
Slack : 0.457
TNS   : 0.000

Type  : Slow 1100mV 85C Model Minimum Pulse Width 'clk_div_count[5]'
Slack : -0.394
TNS   : -22.449

Type  : Slow 1100mV 85C Model Minimum Pulse Width 'CLOCK_50'
Slack : -0.394
TNS   : -19.693

Type  : Slow 1100mV 0C Model Setup 'CLOCK_50'
Slack : -3.607
TNS   : -46.591

Type  : Slow 1100mV 0C Model Setup 'clk_div_count[5]'
Slack : -3.162
TNS   : -69.729

Type  : Slow 1100mV 0C Model Hold 'CLOCK_50'
Slack : 0.043
TNS   : 0.000

Type  : Slow 1100mV 0C Model Hold 'clk_div_count[5]'
Slack : 0.425
TNS   : 0.000

Type  : Slow 1100mV 0C Model Minimum Pulse Width 'clk_div_count[5]'
Slack : -0.394
TNS   : -22.219

Type  : Slow 1100mV 0C Model Minimum Pulse Width 'CLOCK_50'
Slack : -0.394
TNS   : -21.722

Type  : Fast 1100mV 85C Model Setup 'CLOCK_50'
Slack : -2.709
TNS   : -26.389

Type  : Fast 1100mV 85C Model Setup 'clk_div_count[5]'
Slack : -1.629
TNS   : -31.663

Type  : Fast 1100mV 85C Model Hold 'CLOCK_50'
Slack : 0.187
TNS   : 0.000

Type  : Fast 1100mV 85C Model Hold 'clk_div_count[5]'
Slack : 0.212
TNS   : 0.000

Type  : Fast 1100mV 85C Model Minimum Pulse Width 'CLOCK_50'
Slack : -0.445
TNS   : -4.581

Type  : Fast 1100mV 85C Model Minimum Pulse Width 'clk_div_count[5]'
Slack : 0.099
TNS   : 0.000

Type  : Fast 1100mV 0C Model Setup 'CLOCK_50'
Slack : -2.312
TNS   : -20.877

Type  : Fast 1100mV 0C Model Setup 'clk_div_count[5]'
Slack : -1.581
TNS   : -27.526

Type  : Fast 1100mV 0C Model Hold 'CLOCK_50'
Slack : 0.178
TNS   : 0.000

Type  : Fast 1100mV 0C Model Hold 'clk_div_count[5]'
Slack : 0.186
TNS   : 0.000

Type  : Fast 1100mV 0C Model Minimum Pulse Width 'CLOCK_50'
Slack : -0.431
TNS   : -4.547

Type  : Fast 1100mV 0C Model Minimum Pulse Width 'clk_div_count[5]'
Slack : 0.117
TNS   : 0.000

------------------------------------------------------------
